
> Minerva v2@0.1.0 build
> vite build

[36mvite v6.3.5 [32mbuilding for production...[36m[39m
transforming...
[32m✓[39m 2224 modules transformed.
[31m✗[39m Build failed in 3.35s
[31merror during build:
[31m[vite:esbuild] Transform failed with 1 error:
C:/Users/Usuario/OneDrive/Documentos/claude/Minervav2/src/components/os/steps/shared/cadastrar-lead.tsx:181:16: ERROR: Expected "}" but found "refetch"[31m
file: [36mC:/Users/Usuario/OneDrive/Documentos/claude/Minervav2/src/components/os/steps/shared/cadastrar-lead.tsx:181:16[31m
[33m
[33mExpected "}" but found "refetch"[33m
179|            numero: formData.numero,
180|            complemento: formData.complemento,
181|            await refetch();
   |                  ^
182|  
183|          // Selecionar o novo lead criado
[31m
    at failureErrorWithLog (C:\Users\Usuario\OneDrive\Documentos\claude\Minervav2\node_modules\esbuild\lib\main.js:1467:15)
    at C:\Users\Usuario\OneDrive\Documentos\claude\Minervav2\node_modules\esbuild\lib\main.js:736:50
    at responseCallbacks.<computed> (C:\Users\Usuario\OneDrive\Documentos\claude\Minervav2\node_modules\esbuild\lib\main.js:603:9)
    at handleIncomingPacket (C:\Users\Usuario\OneDrive\Documentos\claude\Minervav2\node_modules\esbuild\lib\main.js:658:12)
    at Socket.readFromStdout (C:\Users\Usuario\OneDrive\Documentos\claude\Minervav2\node_modules\esbuild\lib\main.js:581:7)
    at Socket.emit (node:events:508:28)
    at addChunk (node:internal/streams/readable:559:12)
    at readableAddChunkPushByteMode (node:internal/streams/readable:510:3)
    at Readable.push (node:internal/streams/readable:390:5)
    at Pipe.onStreamRead (node:internal/stream_base_commons:189:23)[39m
